// Vitest Snapshot v1, https://vitest.dev/guide/snapshot.html

exports[`MenuBar > renders correctly 1`] = `
<div>
  <div
    class="_container_075326"
  >
    <a
      href="#"
    >
      <svg
        fill="currentColor"
        height="24"
        stroke="currentColor"
        stroke-width="0"
        viewBox="0 0 24 24"
        width="24"
        xmlns="http://www.w3.org/2000/svg"
      >
        <path
          d="M11.03 2.59a1.501 1.501 0 0 1 1.94 0l7.5 6.363a1.5 1.5 0 0 1 .53 1.144V19.5a1.5 1.5 0 0 1-1.5 1.5h-5.75a.75.75 0 0 1-.75-.75V14h-2v6.25a.75.75 0 0 1-.75.75H4.5A1.5 1.5 0 0 1 3 19.5v-9.403c0-.44.194-.859.53-1.144ZM12 3.734l-7.5 6.363V19.5h5v-6.25a.75.75 0 0 1 .75-.75h3.5a.75.75 0 0 1 .75.75v6.25h5v-9.403Z"
        />
      </svg>
    </a>
    <a
      href="#"
    >
      <svg
        fill="currentColor"
        height="24"
        stroke="currentColor"
        stroke-width="0"
        viewBox="0 0 24 24"
        width="24"
        xmlns="http://www.w3.org/2000/svg"
      >
        <path
          d="m12 20.703.343.667a.748.748 0 0 1-.686 0l-.003-.002-.007-.003-.025-.013a31.138 31.138 0 0 1-5.233-3.576C3.8 15.573 1 12.332 1 8.514v-.001C1 5.053 3.829 2.5 6.736 2.5 9.03 2.5 10.881 3.726 12 5.605 13.12 3.726 14.97 2.5 17.264 2.5 20.17 2.5 23 5.052 23 8.514c0 3.818-2.801 7.06-5.389 9.262a31.148 31.148 0 0 1-5.233 3.576l-.025.013-.007.003-.002.001ZM6.736 4C4.657 4 2.5 5.88 2.5 8.514c0 3.107 2.324 5.96 4.861 8.12a29.655 29.655 0 0 0 4.566 3.175l.073.041.073-.04c.271-.153.661-.38 1.13-.674.94-.588 2.19-1.441 3.436-2.502 2.537-2.16 4.861-5.013 4.861-8.12C21.5 5.88 19.343 4 17.264 4c-2.106 0-3.801 1.389-4.553 3.643a.751.751 0 0 1-1.422 0C10.537 5.389 8.841 4 6.736 4Z"
        />
      </svg>
    </a>
    <a
      href="#"
    >
      <svg
        fill="currentColor"
        height="24"
        stroke="currentColor"
        stroke-width="0"
        viewBox="0 0 1024 1024"
        width="24"
        xmlns="http://www.w3.org/2000/svg"
      >
        <path
          d="M858.5 763.6a374 374 0 0 0-80.6-119.5 375.63 375.63 0 0 0-119.5-80.6c-.4-.2-.8-.3-1.2-.5C719.5 518 760 444.7 760 362c0-137-111-248-248-248S264 225 264 362c0 82.7 40.5 156 102.8 201.1-.4.2-.8.3-1.2.5-44.8 18.9-85 46-119.5 80.6a375.63 375.63 0 0 0-80.6 119.5A371.7 371.7 0 0 0 136 901.8a8 8 0 0 0 8 8.2h60c4.4 0 7.9-3.5 8-7.8 2-77.2 33-149.5 87.8-204.3 56.7-56.7 132-87.9 212.2-87.9s155.5 31.2 212.2 87.9C779 752.7 810 825 812 902.2c.1 4.4 3.6 7.8 8 7.8h60a8 8 0 0 0 8-8.2c-1-47.8-10.9-94.3-29.5-138.2zM512 534c-45.9 0-89.1-17.9-121.6-50.4S340 407.9 340 362c0-45.9 17.9-89.1 50.4-121.6S466.1 190 512 190s89.1 17.9 121.6 50.4S684 316.1 684 362c0 45.9-17.9 89.1-50.4 121.6S557.9 534 512 534z"
        />
      </svg>
    </a>
    <a
      href="#"
    >
      <svg
        fill="currentColor"
        height="24"
        stroke="currentColor"
        stroke-width="0"
        viewBox="0 0 512 512"
        width="24"
        xmlns="http://www.w3.org/2000/svg"
      >
        <path
          d="M262.29 192.31a64 64 0 1 0 57.4 57.4 64.13 64.13 0 0 0-57.4-57.4zM416.39 256a154.34 154.34 0 0 1-1.53 20.79l45.21 35.46a10.81 10.81 0 0 1 2.45 13.75l-42.77 74a10.81 10.81 0 0 1-13.14 4.59l-44.9-18.08a16.11 16.11 0 0 0-15.17 1.75A164.48 164.48 0 0 1 325 400.8a15.94 15.94 0 0 0-8.82 12.14l-6.73 47.89a11.08 11.08 0 0 1-10.68 9.17h-85.54a11.11 11.11 0 0 1-10.69-8.87l-6.72-47.82a16.07 16.07 0 0 0-9-12.22 155.3 155.3 0 0 1-21.46-12.57 16 16 0 0 0-15.11-1.71l-44.89 18.07a10.81 10.81 0 0 1-13.14-4.58l-42.77-74a10.8 10.8 0 0 1 2.45-13.75l38.21-30a16.05 16.05 0 0 0 6-14.08c-.36-4.17-.58-8.33-.58-12.5s.21-8.27.58-12.35a16 16 0 0 0-6.07-13.94l-38.19-30A10.81 10.81 0 0 1 49.48 186l42.77-74a10.81 10.81 0 0 1 13.14-4.59l44.9 18.08a16.11 16.11 0 0 0 15.17-1.75A164.48 164.48 0 0 1 187 111.2a15.94 15.94 0 0 0 8.82-12.14l6.73-47.89A11.08 11.08 0 0 1 213.23 42h85.54a11.11 11.11 0 0 1 10.69 8.87l6.72 47.82a16.07 16.07 0 0 0 9 12.22 155.3 155.3 0 0 1 21.46 12.57 16 16 0 0 0 15.11 1.71l44.89-18.07a10.81 10.81 0 0 1 13.14 4.58l42.77 74a10.8 10.8 0 0 1-2.45 13.75l-38.21 30a16.05 16.05 0 0 0-6.05 14.08c.33 4.14.55 8.3.55 12.47z"
          fill="none"
          stroke-linecap="round"
          stroke-linejoin="round"
          stroke-width="32"
        />
      </svg>
    </a>
  </div>
</div>
`;
